
> backend@0.0.1 build
> nest build

node.exe : [96mdb-investigation.ts[0m:[93m20[0m:[93m5[0m - 
[91merror[0m[90m TS2769: [0mNo overload matches this call.
En línea: 1 Carácter: 1
+ & "C:\Program Files\nodejs/node.exe" "C:\Program Files\nodejs/node_mo 
...
+ ~~~~~~~~~~~~~~~~~~~~~~~~~~~~~~~~~~~~~~~~~~~~~~~~~~~~~~~~~~~~~~~~~~~~~
    + CategoryInfo          : NotSpecified: ([96mdb-investi...ches this  
   call.:String) [], RemoteException
    + FullyQualifiedErrorId : NativeCommandError
 
  Overload 1 of 2, '(input: string | URL | Request, init?: RequestInit | 
undefined): Promise<Response>', gave the following error.
    Type '{ apikey: string | undefined; }' is not assignable to type 
'HeadersInit | undefined'.
      Type '{ apikey: string | undefined; }' is not assignable to type 
'undefined'.
  Overload 2 of 2, '(input: URL | RequestInfo, init?: RequestInit | 
undefined): Promise<Response>', gave the following error.
    Type '{ apikey: string | undefined; }' is not assignable to type 
'HeadersInit | undefined'.
      Type '{ apikey: string | undefined; }' is not assignable to type 
'undefined'.

[7m20[0m     headers: { 'apikey': supabaseKey }
[7m  [0m [91m    ~~~~~~~[0m


Found 1 error(s).

